// Jest Snapshot v1, https://goo.gl/fbAQLP

exports[`ProductList navigates to the product detail page on click 1`] = `Array []`;
